eeschema (2014-01-10 BZR 4027)-stable  >> Creation date: Jeudi 22 mai 2014 13:49:08
#Cmp ( order = Reference )
| C1         10uF        
| C2         10uF        
| C3         10uF        
| C4         10uF        
| C5         10uF        
| C6         10uF        
| C7         10uF        
| C8         10uF        
| C9         10uF        
| C10        20pF        
| C11        20pF        
| C12        0,1uF       
| C13        C           
| C35        18pF        
| C36        18pF        
| C53        13pF        
| C54        2.2pF       
| C55        22pF        
| C56        33pF        
| C57        27pF        
| C59        13pF        
| C60        6.8pF       
| C61        0.01μF     
| C62        1μF        
| C63        0.1μF      
| C64        0.1μF      
| CON1       USB-MINI-B  
| J6          REF_CLK_DUT2
| J7         CRYSTAL OUTDUT2
| J12         FILTER_IOUT_DUT2
| L10        39nH        
| L11        68nH        
| L12        56nH        
| R9         25          
| R15        3.92kΩ     
| R16        243Ω       
| R18        50Ω        
| R21        25          
| R1001      390oHm      
| T4         BALUN       
| T8         T1-1T       
| U1         AD9954      
| U2         LM1117MP-1.8
| U3         LM1117MP-1.8
| U4         LM1117MP-3.3
| U5         MCP2210-SO  
| X1         25mhz       
| X2         12mhz       
#End Cmp

#Cmp ( order = Value )
| 2.2pF        C54       
| 6.8pF        C60       
| 13pF         C53       
| 13pF         C59       
| 18pF         C35       
| 18pF         C36       
| 20pF         C10       
| 20pF         C11       
| 22pF         C55       
| 27pF         C57       
| 33pF         C56       
| 0,1uF        C12       
| 10uF         C1        
| 10uF         C2        
| 10uF         C3        
| 10uF         C4        
| 10uF         C5        
| 10uF         C6        
| 10uF         C7        
| 10uF         C8        
| 10uF         C9        
| 0.01μF      C61       
| 0.1μF       C63       
| 0.1μF       C64       
| C            C13       
| 1μF         C62       
| USB-MINI-B   CON1      
|  REF_CLK_DUT2 J6        
| CRYSTAL OUTDUT2 J7        
|  FILTER_IOUT_DUT2 J12       
| 39nH         L10       
| 56nH         L12       
| 68nH         L11       
| 25           R9        
| 25           R21       
| 3.92kΩ      R15       
| 243Ω        R16       
| 50Ω         R18       
| 390oHm       R1001     
| BALUN        T4        
| T1-1T        T8        
| LM1117MP-1.8 U2        
| LM1117MP-1.8 U3        
| LM1117MP-3.3 U4        
| MCP2210-SO   U5        
| AD9954       U1        
| 12mhz        X2        
| 25mhz        X1        
#End Cmp

#End List
